== gate N124+A ==
env: LD_LIBRARY_PATH=/home/user/r4env/nvrtc124/usr/lib/x86_64-linux-gnu:/usr/lib/wsl/lib SEEDPHRASE_LB_MAX_THREADS=256 SEEDPHRASE_LB_MIN_BLOCKS=2 SEEDPHRASE_BLOCK=256 SEEDPHRASE_NOINLINE_SHA512_WORDS=0 SEEDPHRASE_NOINLINE_FIXED64_HMAC=0 SEEDPHRASE_NOINLINE_PBKDF2=0 SEEDPHRASE_PBKDF2_SCALAR_UT=0 SEEDPHRASE_PBKDF2_T_SHARED=0 SEEDPHRASE_PBKDF2_STATE_SHARED=0 SEEDPHRASE_SHA512_HALF_SHARED_SCHEDULE=0
dir=/home/user/r4env/nvrtc124/usr/lib/x86_64-linux-gnu nvrtcVersion=12.4 loaded=/home/user/r4env/nvrtc124/usr/lib/x86_64-linux-gnu/libnvrtc.so.12
builtins_in_same_dir= ['libnvrtc-builtins.so.12.4', 'libnvrtc-builtins.so.12.4.127']
exit=0
Device: NVIDIA GeForce RTX 3070
Kernel resources: regs/thread=128 local/thread=2016B shared/block=0B max_threads/block=256
GPU self-test: PASS (3/3 BIP84 reference vectors)
--- loader proof:
 88034:	calling fini: /home/user/r4env/nvrtc124/usr/lib/x86_64-linux-gnu/libnvrtc-builtins.so.12.4 [0]
 88034:	calling fini: /home/user/r4env/nvrtc124/usr/lib/x86_64-linux-gnu/libnvrtc.so.12 [0]
 88034:	calling init: /home/user/r4env/nvrtc124/usr/lib/x86_64-linux-gnu/libnvrtc-builtins.so.12.4
 88034:	calling init: /home/user/r4env/nvrtc124/usr/lib/x86_64-linux-gnu/libnvrtc.so.12
 88034:	file=/home/user/r4env/nvrtc124/usr/lib/x86_64-linux-gnu/libnvrtc-builtins.so.12.4 [0]; destroying link map
 88034:	file=libdl.so.2 [0]; needed by /home/user/r4env/nvrtc124/usr/lib/x86_64-linux-gnu/libnvrtc.so.12 [0]
 88034:	file=libm.so.6 [0]; needed by /home/user/r4env/nvrtc124/usr/lib/x86_64-linux-gnu/libnvrtc.so.12 [0]
 88034:	file=libnvrtc-builtins.so.12.4 [0]; dynamically loaded by /home/user/r4env/nvrtc124/usr/lib/x86_64-linux-gnu/libnvrtc.so.12 [0]
== gate N129+A ==
env: LD_LIBRARY_PATH=/home/user/nvrtc/usr/local/cuda-12.9/targets/x86_64-linux/lib:/usr/lib/wsl/lib SEEDPHRASE_LB_MAX_THREADS=256 SEEDPHRASE_LB_MIN_BLOCKS=2 SEEDPHRASE_BLOCK=256 SEEDPHRASE_NOINLINE_SHA512_WORDS=0 SEEDPHRASE_NOINLINE_FIXED64_HMAC=0 SEEDPHRASE_NOINLINE_PBKDF2=0 SEEDPHRASE_PBKDF2_SCALAR_UT=0 SEEDPHRASE_PBKDF2_T_SHARED=0 SEEDPHRASE_PBKDF2_STATE_SHARED=0 SEEDPHRASE_SHA512_HALF_SHARED_SCHEDULE=0
dir=/home/user/nvrtc/usr/local/cuda-12.9/targets/x86_64-linux/lib nvrtcVersion=12.9 loaded=/home/user/nvrtc/usr/local/cuda-12.9/targets/x86_64-linux/lib/libnvrtc.so.12
builtins_in_same_dir= ['libnvrtc-builtins.so.12.9', 'libnvrtc-builtins.so.12.9.86']
exit=0
Device: NVIDIA GeForce RTX 3070
Kernel resources: regs/thread=128 local/thread=2016B shared/block=0B max_threads/block=256
GPU self-test: PASS (3/3 BIP84 reference vectors)
--- loader proof:
 88046:	calling fini: /home/user/nvrtc/usr/local/cuda-12.9/targets/x86_64-linux/lib/libnvrtc-builtins.so.12.9 [0]
 88046:	calling fini: /home/user/nvrtc/usr/local/cuda-12.9/targets/x86_64-linux/lib/libnvrtc.so [0]
 88046:	calling init: /home/user/nvrtc/usr/local/cuda-12.9/targets/x86_64-linux/lib/libnvrtc-builtins.so.12.9
 88046:	calling init: /home/user/nvrtc/usr/local/cuda-12.9/targets/x86_64-linux/lib/libnvrtc.so
 88046:	file=/home/user/nvrtc/usr/local/cuda-12.9/targets/x86_64-linux/lib/libnvrtc-builtins.so.12.9 [0]; destroying link map
 88046:	file=libcuda.so.1 [0]; dynamically loaded by /home/user/nvrtc/usr/local/cuda-12.9/targets/x86_64-linux/lib/libnvrtc.so [0]
 88046:	file=libdl.so.2 [0]; needed by /home/user/nvrtc/usr/local/cuda-12.9/targets/x86_64-linux/lib/libnvrtc.so [0]
 88046:	file=libm.so.6 [0]; needed by /home/user/nvrtc/usr/local/cuda-12.9/targets/x86_64-linux/lib/libnvrtc.so [0]
== gate N124+G128 ==
env: LD_LIBRARY_PATH=/home/user/r4env/nvrtc124/usr/lib/x86_64-linux-gnu:/usr/lib/wsl/lib SEEDPHRASE_LB_MAX_THREADS=128 SEEDPHRASE_LB_MIN_BLOCKS=3 SEEDPHRASE_BLOCK=128 SEEDPHRASE_NOINLINE_SHA512_WORDS=0 SEEDPHRASE_NOINLINE_FIXED64_HMAC=0 SEEDPHRASE_NOINLINE_PBKDF2=0 SEEDPHRASE_PBKDF2_SCALAR_UT=0 SEEDPHRASE_PBKDF2_T_SHARED=0 SEEDPHRASE_PBKDF2_STATE_SHARED=0 SEEDPHRASE_SHA512_HALF_SHARED_SCHEDULE=0
dir=/home/user/r4env/nvrtc124/usr/lib/x86_64-linux-gnu nvrtcVersion=12.4 loaded=/home/user/r4env/nvrtc124/usr/lib/x86_64-linux-gnu/libnvrtc.so.12
builtins_in_same_dir= ['libnvrtc-builtins.so.12.4', 'libnvrtc-builtins.so.12.4.127']
exit=0
Device: NVIDIA GeForce RTX 3070
Kernel resources: regs/thread=168 local/thread=1744B shared/block=0B max_threads/block=128
GPU self-test: PASS (3/3 BIP84 reference vectors)
--- loader proof:
 88058:	calling fini: /home/user/r4env/nvrtc124/usr/lib/x86_64-linux-gnu/libnvrtc-builtins.so.12.4 [0]
 88058:	calling fini: /home/user/r4env/nvrtc124/usr/lib/x86_64-linux-gnu/libnvrtc.so.12 [0]
 88058:	calling init: /home/user/r4env/nvrtc124/usr/lib/x86_64-linux-gnu/libnvrtc-builtins.so.12.4
 88058:	calling init: /home/user/r4env/nvrtc124/usr/lib/x86_64-linux-gnu/libnvrtc.so.12
 88058:	file=/home/user/r4env/nvrtc124/usr/lib/x86_64-linux-gnu/libnvrtc-builtins.so.12.4 [0]; destroying link map
 88058:	file=libdl.so.2 [0]; needed by /home/user/r4env/nvrtc124/usr/lib/x86_64-linux-gnu/libnvrtc.so.12 [0]
 88058:	file=libm.so.6 [0]; needed by /home/user/r4env/nvrtc124/usr/lib/x86_64-linux-gnu/libnvrtc.so.12 [0]
 88058:	file=libnvrtc-builtins.so.12.4 [0]; dynamically loaded by /home/user/r4env/nvrtc124/usr/lib/x86_64-linux-gnu/libnvrtc.so.12 [0]
== gate N129+G128 ==
env: LD_LIBRARY_PATH=/home/user/nvrtc/usr/local/cuda-12.9/targets/x86_64-linux/lib:/usr/lib/wsl/lib SEEDPHRASE_LB_MAX_THREADS=128 SEEDPHRASE_LB_MIN_BLOCKS=3 SEEDPHRASE_BLOCK=128 SEEDPHRASE_NOINLINE_SHA512_WORDS=0 SEEDPHRASE_NOINLINE_FIXED64_HMAC=0 SEEDPHRASE_NOINLINE_PBKDF2=0 SEEDPHRASE_PBKDF2_SCALAR_UT=0 SEEDPHRASE_PBKDF2_T_SHARED=0 SEEDPHRASE_PBKDF2_STATE_SHARED=0 SEEDPHRASE_SHA512_HALF_SHARED_SCHEDULE=0
dir=/home/user/nvrtc/usr/local/cuda-12.9/targets/x86_64-linux/lib nvrtcVersion=12.9 loaded=/home/user/nvrtc/usr/local/cuda-12.9/targets/x86_64-linux/lib/libnvrtc.so.12
builtins_in_same_dir= ['libnvrtc-builtins.so.12.9', 'libnvrtc-builtins.so.12.9.86']
exit=0
Device: NVIDIA GeForce RTX 3070
Kernel resources: regs/thread=168 local/thread=1744B shared/block=0B max_threads/block=128
GPU self-test: PASS (3/3 BIP84 reference vectors)
--- loader proof:
 88070:	calling fini: /home/user/nvrtc/usr/local/cuda-12.9/targets/x86_64-linux/lib/libnvrtc-builtins.so.12.9 [0]
 88070:	calling fini: /home/user/nvrtc/usr/local/cuda-12.9/targets/x86_64-linux/lib/libnvrtc.so [0]
 88070:	calling init: /home/user/nvrtc/usr/local/cuda-12.9/targets/x86_64-linux/lib/libnvrtc-builtins.so.12.9
 88070:	calling init: /home/user/nvrtc/usr/local/cuda-12.9/targets/x86_64-linux/lib/libnvrtc.so
 88070:	file=/home/user/nvrtc/usr/local/cuda-12.9/targets/x86_64-linux/lib/libnvrtc-builtins.so.12.9 [0]; destroying link map
 88070:	file=libcuda.so.1 [0]; dynamically loaded by /home/user/nvrtc/usr/local/cuda-12.9/targets/x86_64-linux/lib/libnvrtc.so [0]
 88070:	file=libdl.so.2 [0]; needed by /home/user/nvrtc/usr/local/cuda-12.9/targets/x86_64-linux/lib/libnvrtc.so [0]
 88070:	file=libm.so.6 [0]; needed by /home/user/nvrtc/usr/local/cuda-12.9/targets/x86_64-linux/lib/libnvrtc.so [0]
